2026-07-05 11:47:36 - masks - INFO - Начало работы функции get_mask_card_number
2026-07-05 11:47:36 - masks - DEBUG - Входные данные: '4567123443249876'
2026-07-05 11:47:36 - masks - INFO - Номер карты успешно замаскирован: 4567 12 ** **** 9876
2026-07-05 11:47:36 - masks - DEBUG - Результат маскирования: 4567 12 ** **** 9876
2026-07-06 14:10:12 - masks - INFO - Начало работы get_mask_account
2026-07-06 14:10:12 - masks - DEBUG - Входные данные: '90424923579946435907'
2026-07-06 14:10:12 - masks - INFO - Номер счета успешно замаскирован: **5907
2026-07-06 14:10:12 - masks - INFO - Начало работы get_mask_card_number
2026-07-06 14:10:12 - masks - DEBUG - Входные данные: '2842878893689012'
2026-07-06 14:10:12 - masks - INFO - Номер карты успешно замаскирован: 2842 87 ** **** 9012
2026-07-06 14:10:12 - masks - INFO - Начало работы get_mask_account
2026-07-06 14:10:12 - masks - DEBUG - Входные данные: '35158586384610753655'
2026-07-06 14:10:12 - masks - INFO - Номер счета успешно замаскирован: **3655
2026-07-06 14:10:12 - masks - INFO - Начало работы get_mask_card_number
2026-07-06 14:10:12 - masks - DEBUG - Входные данные: '7810846596785568'
2026-07-06 14:10:12 - masks - INFO - Номер карты успешно замаскирован: 7810 84 ** **** 5568
2026-07-06 14:10:12 - masks - INFO - Начало работы get_mask_account
2026-07-06 14:10:12 - masks - DEBUG - Входные данные: '43241152692663622869'
2026-07-06 14:10:12 - masks - INFO - Номер счета успешно замаскирован: **2869
2026-07-06 14:10:12 - masks - INFO - Начало работы get_mask_account
2026-07-06 14:10:12 - masks - DEBUG - Входные данные: '38611439522855669794'
2026-07-06 14:10:12 - masks - INFO - Номер счета успешно замаскирован: **9794
2026-07-06 14:10:12 - masks - INFO - Начало работы get_mask_account
2026-07-06 14:10:12 - masks - DEBUG - Входные данные: '46765464282437878125'
2026-07-06 14:10:12 - masks - INFO - Номер счета успешно замаскирован: **8125
2026-07-06 14:10:12 - masks - INFO - Начало работы get_mask_account
2026-07-06 14:10:12 - masks - DEBUG - Входные данные: '77613226829885488381'
2026-07-06 14:10:12 - masks - INFO - Номер счета успешно замаскирован: **8381
2026-07-06 14:10:12 - masks - INFO - Начало работы get_mask_card_number
2026-07-06 14:10:12 - masks - DEBUG - Входные данные: '7756673469642839'
2026-07-06 14:10:12 - masks - INFO - Номер карты успешно замаскирован: 7756 67 ** **** 2839
2026-07-06 14:10:12 - masks - INFO - Начало работы get_mask_account
2026-07-06 14:10:12 - masks - DEBUG - Входные данные: '48943806953649539453'
2026-07-06 14:10:12 - masks - INFO - Номер счета успешно замаскирован: **9453
2026-07-06 14:10:12 - masks - INFO - Начало работы get_mask_account
2026-07-06 14:10:12 - masks - DEBUG - Входные данные: '35421428450077339637'
2026-07-06 14:10:12 - masks - INFO - Номер счета успешно замаскирован: **9637
2026-07-06 14:10:12 - masks - INFO - Начало работы get_mask_account
2026-07-06 14:10:12 - masks - DEBUG - Входные данные: '46723050671868944961'
2026-07-06 14:10:12 - masks - INFO - Номер счета успешно замаскирован: **4961
2026-07-06 14:10:12 - masks - INFO - Начало работы get_mask_account
2026-07-06 14:10:12 - masks - DEBUG - Входные данные: '24763316288121894080'
2026-07-06 14:10:12 - masks - INFO - Номер счета успешно замаскирован: **4080
2026-07-06 14:10:12 - masks - INFO - Начало работы get_mask_account
2026-07-06 14:10:12 - masks - DEBUG - Входные данные: '96291777776753236930'
2026-07-06 14:10:12 - masks - INFO - Номер счета успешно замаскирован: **6930
2026-07-06 14:10:12 - masks - INFO - Начало работы get_mask_card_number
2026-07-06 14:10:12 - masks - DEBUG - Входные данные: '4284341727554246'
2026-07-06 14:10:12 - masks - INFO - Номер карты успешно замаскирован: 4284 34 ** **** 4246
2026-07-06 14:10:12 - masks - INFO - Начало работы get_mask_card_number
2026-07-06 14:10:12 - masks - DEBUG - Входные данные: '1582474475547301'
2026-07-06 14:10:12 - masks - INFO - Номер карты успешно замаскирован: 1582 47 ** **** 7301
2026-07-06 14:10:12 - masks - INFO - Начало работы get_mask_card_number
2026-07-06 14:10:12 - masks - DEBUG - Входные данные: '3654412434951162'
2026-07-06 14:10:12 - masks - INFO - Номер карты успешно замаскирован: 3654 41 ** **** 1162
2026-07-06 14:10:12 - masks - INFO - Начало работы get_mask_account
2026-07-06 14:10:12 - masks - DEBUG - Входные данные: '59986621134048778289'
2026-07-06 14:10:12 - masks - INFO - Номер счета успешно замаскирован: **8289
2026-07-06 14:10:12 - masks - INFO - Начало работы get_mask_card_number
2026-07-06 14:10:12 - masks - DEBUG - Входные данные: '1596837868705199'
2026-07-06 14:10:12 - masks - INFO - Номер карты успешно замаскирован: 1596 83 ** **** 5199
2026-07-06 14:10:12 - masks - INFO - Начало работы get_mask_account
2026-07-06 14:10:12 - masks - DEBUG - Входные данные: '64686473678894779589'
2026-07-06 14:10:12 - masks - INFO - Номер счета успешно замаскирован: **9589
2026-07-06 14:10:12 - masks - INFO - Начало работы get_mask_account
2026-07-06 14:10:12 - masks - DEBUG - Входные данные: '17691325653939384901'
2026-07-06 14:10:12 - masks - INFO - Номер счета успешно замаскирован: **4901
2026-07-06 14:10:12 - masks - INFO - Начало работы get_mask_account
2026-07-06 14:10:12 - masks - DEBUG - Входные данные: '49304996510329747621'
2026-07-06 14:10:12 - masks - INFO - Номер счета успешно замаскирован: **7621
2026-07-06 14:10:12 - masks - INFO - Начало работы get_mask_card_number
2026-07-06 14:10:12 - masks - DEBUG - Входные данные: '8826230888662405'
2026-07-06 14:10:12 - masks - INFO - Номер карты успешно замаскирован: 8826 23 ** **** 2405
2026-07-06 14:10:12 - masks - INFO - Начало работы get_mask_account
2026-07-06 14:10:12 - masks - DEBUG - Входные данные: '96119739109420349721'
2026-07-06 14:10:12 - masks - INFO - Номер счета успешно замаскирован: **9721
2026-07-06 14:10:12 - masks - INFO - Начало работы get_mask_account
2026-07-06 14:10:12 - masks - DEBUG - Входные данные: '65298957349197687907'
2026-07-06 14:10:12 - masks - INFO - Номер счета успешно замаскирован: **7907
2026-07-06 14:10:12 - masks - INFO - Начало работы get_mask_account
2026-07-06 14:10:12 - masks - DEBUG - Входные данные: '38784565940893479418'
2026-07-06 14:10:12 - masks - INFO - Номер счета успешно замаскирован: **9418
2026-07-06 14:10:12 - masks - INFO - Начало работы get_mask_account
2026-07-06 14:10:12 - masks - DEBUG - Входные данные: '99668626339273709694'
2026-07-06 14:10:12 - masks - INFO - Номер счета успешно замаскирован: **9694
2026-07-06 14:10:12 - masks - INFO - Начало работы get_mask_account
2026-07-06 14:10:12 - masks - DEBUG - Входные данные: '27219929444683698245'
2026-07-06 14:10:12 - masks - INFO - Номер счета успешно замаскирован: **8245
2026-07-06 14:10:12 - masks - INFO - Начало работы get_mask_account
2026-07-06 14:10:12 - masks - DEBUG - Входные данные: '33721541831646393763'
2026-07-06 14:10:12 - masks - INFO - Номер счета успешно замаскирован: **3763
2026-07-06 14:10:12 - masks - INFO - Начало работы get_mask_account
2026-07-06 14:10:12 - masks - DEBUG - Входные данные: '68774571780974952778'
2026-07-06 14:10:12 - masks - INFO - Номер счета успешно замаскирован: **2778
2026-07-06 14:10:12 - masks - INFO - Начало работы get_mask_card_number
2026-07-06 14:10:12 - masks - DEBUG - Входные данные: '6942697754917688'
2026-07-06 14:10:12 - masks - INFO - Номер карты успешно замаскирован: 6942 69 ** **** 7688
2026-07-06 14:10:12 - masks - INFO - Начало работы get_mask_card_number
2026-07-06 14:10:12 - masks - DEBUG - Входные данные: '2956603572573342'
2026-07-06 14:10:12 - masks - INFO - Номер карты успешно замаскирован: 2956 60 ** **** 3342
2026-07-06 14:10:12 - masks - INFO - Начало работы get_mask_account
2026-07-06 14:10:12 - masks - DEBUG - Входные данные: '35737585785074382265'
2026-07-06 14:10:12 - masks - INFO - Номер счета успешно замаскирован: **2265
2026-07-06 14:10:12 - masks - INFO - Начало работы get_mask_card_number
2026-07-06 14:10:12 - masks - DEBUG - Входные данные: '1308795367077170'
2026-07-06 14:10:12 - masks - INFO - Номер карты успешно замаскирован: 1308 79 ** **** 7170
2026-07-06 14:10:12 - masks - INFO - Начало работы get_mask_account
2026-07-06 14:10:12 - masks - DEBUG - Входные данные: '96527012349577388612'
2026-07-06 14:10:12 - masks - INFO - Номер счета успешно замаскирован: **8612
2026-07-06 14:10:12 - masks - INFO - Начало работы get_mask_account
2026-07-06 14:10:12 - masks - DEBUG - Входные данные: '48894435694657014368'
2026-07-06 14:10:12 - masks - INFO - Номер счета успешно замаскирован: **4368
2026-07-06 14:10:12 - masks - INFO - Начало работы get_mask_account
2026-07-06 14:10:12 - masks - DEBUG - Входные данные: '38976430693692818358'
2026-07-06 14:10:12 - masks - INFO - Номер счета успешно замаскирован: **8358
2026-07-06 14:10:12 - masks - INFO - Начало работы get_mask_card_number
2026-07-06 14:10:12 - masks - DEBUG - Входные данные: '3589276410671603'
2026-07-06 14:10:12 - masks - INFO - Номер карты успешно замаскирован: 3589 27 ** **** 1603
2026-07-06 14:10:12 - masks - INFO - Начало работы get_mask_account
2026-07-06 14:10:12 - masks - DEBUG - Входные данные: '96292138399386853355'
2026-07-06 14:10:12 - masks - INFO - Номер счета успешно замаскирован: **3355
2026-07-06 14:10:12 - masks - INFO - Начало работы get_mask_account
2026-07-06 14:10:12 - masks - DEBUG - Входные данные: '38427597486442637521'
2026-07-06 14:10:12 - masks - INFO - Номер счета успешно замаскирован: **7521
2026-07-06 14:10:12 - masks - INFO - Начало работы get_mask_account
2026-07-06 14:10:12 - masks - DEBUG - Входные данные: '83889757415570699323'
2026-07-06 14:10:12 - masks - INFO - Номер счета успешно замаскирован: **9323
2026-07-06 14:10:12 - masks - INFO - Начало работы get_mask_card_number
2026-07-06 14:10:12 - masks - DEBUG - Входные данные: '7158300734726758'
2026-07-06 14:10:12 - masks - INFO - Номер карты успешно замаскирован: 7158 30 ** **** 6758
2026-07-06 14:10:12 - masks - INFO - Начало работы get_mask_account
2026-07-06 14:10:12 - masks - DEBUG - Входные данные: '35383033474447895560'
2026-07-06 14:10:12 - masks - INFO - Номер счета успешно замаскирован: **5560
2026-07-06 14:10:12 - masks - INFO - Начало работы get_mask_account
2026-07-06 14:10:12 - masks - DEBUG - Входные данные: '59956820797131895975'
2026-07-06 14:10:12 - masks - INFO - Номер счета успешно замаскирован: **5975
2026-07-06 14:10:12 - masks - INFO - Начало работы get_mask_account
2026-07-06 14:10:12 - masks - DEBUG - Входные данные: '43475624104328495820'
2026-07-06 14:10:12 - masks - INFO - Номер счета успешно замаскирован: **5820
2026-07-06 14:10:12 - masks - INFO - Начало работы get_mask_account
2026-07-06 14:10:12 - masks - DEBUG - Входные данные: '90817634362091276762'
2026-07-06 14:10:12 - masks - INFO - Номер счета успешно замаскирован: **6762
2026-07-06 14:10:12 - masks - INFO - Начало работы get_mask_card_number
2026-07-06 14:10:12 - masks - DEBUG - Входные данные: '8990850370884895'
2026-07-06 14:10:12 - masks - INFO - Номер карты успешно замаскирован: 8990 85 ** **** 4895
2026-07-06 14:10:12 - masks - INFO - Начало работы get_mask_account
2026-07-06 14:10:12 - masks - DEBUG - Входные данные: '15574304810835774010'
2026-07-06 14:10:12 - masks - INFO - Номер счета успешно замаскирован: **4010
2026-07-06 14:10:12 - masks - INFO - Начало работы get_mask_account
2026-07-06 14:10:12 - masks - DEBUG - Входные данные: '73222753239048295679'
2026-07-06 14:10:12 - masks - INFO - Номер счета успешно замаскирован: **5679
2026-07-06 14:10:12 - masks - INFO - Начало работы get_mask_account
2026-07-06 14:10:12 - masks - DEBUG - Входные данные: '78544755774551298747'
2026-07-06 14:10:12 - masks - INFO - Номер счета успешно замаскирован: **8747
2026-07-06 14:10:12 - masks - INFO - Начало работы get_mask_card_number
2026-07-06 14:10:12 - masks - DEBUG - Входные данные: '8201420097886664'
2026-07-06 14:10:12 - masks - INFO - Номер карты успешно замаскирован: 8201 42 ** **** 6664
2026-07-06 14:10:12 - masks - INFO - Начало работы get_mask_account
2026-07-06 14:10:12 - masks - DEBUG - Входные данные: '35116633516390079956'
2026-07-06 14:10:12 - masks - INFO - Номер счета успешно замаскирован: **9956
2026-07-06 14:10:12 - masks - INFO - Начало работы get_mask_card_number
2026-07-06 14:10:12 - masks - DEBUG - Входные данные: '5211277418228469'
2026-07-06 14:10:12 - masks - INFO - Номер карты успешно замаскирован: 5211 27 ** **** 8469
2026-07-06 14:10:12 - masks - INFO - Начало работы get_mask_account
2026-07-06 14:10:12 - masks - DEBUG - Входные данные: '58518872592028002662'
2026-07-06 14:10:12 - masks - INFO - Номер счета успешно замаскирован: **2662
2026-07-06 14:10:12 - masks - INFO - Начало работы get_mask_card_number
2026-07-06 14:10:12 - masks - DEBUG - Входные данные: '4878656375033856'
2026-07-06 14:10:12 - masks - INFO - Номер карты успешно замаскирован: 4878 65 ** **** 3856
2026-07-06 14:10:12 - masks - INFO - Начало работы get_mask_card_number
2026-07-06 14:10:12 - masks - DEBUG - Входные данные: '6890749237669619'
2026-07-06 14:10:12 - masks - INFO - Номер карты успешно замаскирован: 6890 74 ** **** 9619
2026-07-06 14:10:12 - masks - INFO - Начало работы get_mask_account
2026-07-06 14:10:12 - masks - DEBUG - Входные данные: '27921306202254867520'
2026-07-06 14:10:12 - masks - INFO - Номер счета успешно замаскирован: **7520
2026-07-06 14:10:12 - masks - INFO - Начало работы get_mask_account
2026-07-06 14:10:12 - masks - DEBUG - Входные данные: '49884962711830774470'
2026-07-06 14:10:12 - masks - INFO - Номер счета успешно замаскирован: **4470
2026-07-06 14:10:12 - masks - INFO - Начало работы get_mask_card_number
2026-07-06 14:10:12 - masks - DEBUG - Входные данные: '9171987821259925'
2026-07-06 14:10:12 - masks - INFO - Номер карты успешно замаскирован: 9171 98 ** **** 9925
2026-07-06 14:10:12 - masks - INFO - Начало работы get_mask_card_number
2026-07-06 14:10:12 - masks - DEBUG - Входные данные: '2052809263194182'
2026-07-06 14:10:12 - masks - INFO - Номер карты успешно замаскирован: 2052 80 ** **** 4182
2026-07-06 14:10:12 - masks - INFO - Начало работы get_mask_account
2026-07-06 14:10:12 - masks - DEBUG - Входные данные: '73654108430135874305'
2026-07-06 14:10:12 - masks - INFO - Номер счета успешно замаскирован: **4305
2026-07-06 14:10:12 - masks - INFO - Начало работы get_mask_account
2026-07-06 14:10:12 - masks - DEBUG - Входные данные: '89685546118890842412'
2026-07-06 14:10:12 - masks - INFO - Номер счета успешно замаскирован: **2412
2026-07-06 14:10:12 - masks - INFO - Начало работы get_mask_card_number
2026-07-06 14:10:12 - masks - DEBUG - Входные данные: '8193813157568899'
2026-07-06 14:10:12 - masks - INFO - Номер карты успешно замаскирован: 8193 81 ** **** 8899
2026-07-06 14:10:12 - masks - INFO - Начало работы get_mask_card_number
2026-07-06 14:10:12 - masks - DEBUG - Входные данные: '9425591958944146'
2026-07-06 14:10:12 - masks - INFO - Номер карты успешно замаскирован: 9425 59 ** **** 4146
2026-07-06 14:10:12 - masks - INFO - Начало работы get_mask_account
2026-07-06 14:10:12 - masks - DEBUG - Входные данные: '19708645243227258542'
2026-07-06 14:10:12 - masks - INFO - Номер счета успешно замаскирован: **8542
2026-07-06 14:10:12 - masks - INFO - Начало работы get_mask_account
2026-07-06 14:10:12 - masks - DEBUG - Входные данные: '75651667383060284188'
2026-07-06 14:10:12 - masks - INFO - Номер счета успешно замаскирован: **4188
2026-07-06 14:10:12 - masks - INFO - Начало работы get_mask_card_number
2026-07-06 14:10:12 - masks - DEBUG - Входные данные: '1203921041964079'
2026-07-06 14:10:12 - masks - INFO - Номер карты успешно замаскирован: 1203 92 ** **** 4079
2026-07-06 14:10:12 - masks - INFO - Начало работы get_mask_account
2026-07-06 14:10:12 - masks - DEBUG - Входные данные: '34616199494072692721'
2026-07-06 14:10:12 - masks - INFO - Номер счета успешно замаскирован: **2721
2026-07-06 14:10:12 - masks - INFO - Начало работы get_mask_account
2026-07-06 14:10:12 - masks - DEBUG - Входные данные: '44812258784861134719'
2026-07-06 14:10:12 - masks - INFO - Номер счета успешно замаскирован: **4719
2026-07-06 14:10:12 - masks - INFO - Начало работы get_mask_account
2026-07-06 14:10:12 - masks - DEBUG - Входные данные: '74489636417521191160'
2026-07-06 14:10:12 - masks - INFO - Номер счета успешно замаскирован: **1160
2026-07-06 14:10:12 - masks - INFO - Начало работы get_mask_card_number
2026-07-06 14:10:12 - masks - DEBUG - Входные данные: '6319351940209800'
2026-07-06 14:10:12 - masks - INFO - Номер карты успешно замаскирован: 6319 35 ** **** 9800
2026-07-06 14:10:12 - masks - INFO - Начало работы get_mask_account
2026-07-06 14:10:12 - masks - DEBUG - Входные данные: '14073196441261107791'
2026-07-06 14:10:12 - masks - INFO - Номер счета успешно замаскирован: **7791
2026-07-06 14:10:12 - masks - INFO - Начало работы get_mask_card_number
2026-07-06 14:10:12 - masks - DEBUG - Входные данные: '8847384717023026'
2026-07-06 14:10:12 - masks - INFO - Номер карты успешно замаскирован: 8847 38 ** **** 3026
2026-07-06 14:10:12 - masks - INFO - Начало работы get_mask_account
2026-07-06 14:10:12 - masks - DEBUG - Входные данные: '85458008326755993377'
2026-07-06 14:10:12 - masks - INFO - Номер счета успешно замаскирован: **3377
2026-07-06 14:10:12 - masks - INFO - Начало работы get_mask_card_number
2026-07-06 14:10:12 - masks - DEBUG - Входные данные: '6216537926639975'
2026-07-06 14:10:12 - masks - INFO - Номер карты успешно замаскирован: 6216 53 ** **** 9975
2026-07-06 14:10:12 - masks - INFO - Начало работы get_mask_account
2026-07-06 14:10:12 - masks - DEBUG - Входные данные: '67667879435628279708'
2026-07-06 14:10:12 - masks - INFO - Номер счета успешно замаскирован: **9708
2026-07-06 14:10:12 - masks - INFO - Начало работы get_mask_account
2026-07-06 14:10:12 - masks - DEBUG - Входные данные: '72645194281643232984'
2026-07-06 14:10:12 - masks - INFO - Номер счета успешно замаскирован: **2984
2026-07-06 14:10:12 - masks - INFO - Начало работы get_mask_account
2026-07-06 14:10:12 - masks - DEBUG - Входные данные: '95782287258966264115'
2026-07-06 14:10:12 - masks - INFO - Номер счета успешно замаскирован: **4115
2026-07-06 14:10:12 - masks - INFO - Начало работы get_mask_account
2026-07-06 14:10:12 - masks - DEBUG - Входные данные: '28429442875257789335'
2026-07-06 14:10:12 - masks - INFO - Номер счета успешно замаскирован: **9335
2026-07-06 14:10:12 - masks - INFO - Начало работы get_mask_account
2026-07-06 14:10:12 - masks - DEBUG - Входные данные: '95473010446151855633'
2026-07-06 14:10:12 - masks - INFO - Номер счета успешно замаскирован: **5633
2026-07-06 14:10:12 - masks - INFO - Начало работы get_mask_account
2026-07-06 14:10:12 - masks - DEBUG - Входные данные: '46363668439560358409'
2026-07-06 14:10:12 - masks - INFO - Номер счета успешно замаскирован: **8409
2026-07-06 14:10:12 - masks - INFO - Начало работы get_mask_account
2026-07-06 14:10:12 - masks - DEBUG - Входные данные: '18889008294666828266'
2026-07-06 14:10:12 - masks - INFO - Номер счета успешно замаскирован: **8266
2026-07-06 14:10:12 - masks - INFO - Начало работы get_mask_account
2026-07-06 14:10:12 - masks - DEBUG - Входные данные: '77977573135347241529'
2026-07-06 14:10:12 - masks - INFO - Номер счета успешно замаскирован: **1529
2026-07-06 14:10:12 - masks - INFO - Начало работы get_mask_account
2026-07-06 14:10:12 - masks - DEBUG - Входные данные: '33062909508148771891'
2026-07-06 14:10:12 - masks - INFO - Номер счета успешно замаскирован: **1891
2026-07-06 14:10:12 - masks - INFO - Начало работы get_mask_account
2026-07-06 14:10:12 - masks - DEBUG - Входные данные: '96231448929365202391'
2026-07-06 14:10:12 - masks - INFO - Номер счета успешно замаскирован: **2391
2026-07-06 14:10:12 - masks - INFO - Начало работы get_mask_card_number
2026-07-06 14:10:12 - masks - DEBUG - Входные данные: '8665240839126074'
2026-07-06 14:10:12 - masks - INFO - Номер карты успешно замаскирован: 8665 24 ** **** 6074
2026-07-06 14:10:12 - masks - INFO - Начало работы get_mask_card_number
2026-07-06 14:10:12 - masks - DEBUG - Входные данные: '3000704277834087'
2026-07-06 14:10:12 - masks - INFO - Номер карты успешно замаскирован: 3000 70 ** **** 4087
2026-07-06 14:10:12 - masks - INFO - Начало работы get_mask_card_number
2026-07-06 14:10:12 - masks - DEBUG - Входные данные: '8326537236216459'
2026-07-06 14:10:12 - masks - INFO - Номер карты успешно замаскирован: 8326 53 ** **** 6459
2026-07-06 14:10:12 - masks - INFO - Начало работы get_mask_card_number
2026-07-06 14:10:12 - masks - DEBUG - Входные данные: '6783917276771847'
2026-07-06 14:10:12 - masks - INFO - Номер карты успешно замаскирован: 6783 91 ** **** 1847
2026-07-06 14:10:12 - masks - INFO - Начало работы get_mask_account
2026-07-06 14:10:12 - masks - DEBUG - Входные данные: '10848359769870775355'
2026-07-06 14:10:12 - masks - INFO - Номер счета успешно замаскирован: **5355
2026-07-06 14:10:12 - masks - INFO - Начало работы get_mask_account
2026-07-06 14:10:12 - masks - DEBUG - Входные данные: '21969751544412966366'
2026-07-06 14:10:12 - masks - INFO - Номер счета успешно замаскирован: **6366
2026-07-06 14:10:12 - masks - INFO - Начало работы get_mask_account
2026-07-06 14:10:12 - masks - DEBUG - Входные данные: '86675623828180311969'
2026-07-06 14:10:12 - masks - INFO - Номер счета успешно замаскирован: **1969
2026-07-06 14:10:12 - masks - INFO - Начало работы get_mask_account
2026-07-06 14:10:12 - masks - DEBUG - Входные данные: '15351391408911677994'
2026-07-06 14:10:12 - masks - INFO - Номер счета успешно замаскирован: **7994
2026-07-06 14:10:12 - masks - INFO - Начало работы get_mask_card_number
2026-07-06 14:10:12 - masks - DEBUG - Входные данные: '3152479541115065'
2026-07-06 14:10:12 - masks - INFO - Номер карты успешно замаскирован: 3152 47 ** **** 5065
2026-07-06 14:10:12 - masks - INFO - Начало работы get_mask_card_number
2026-07-06 14:10:12 - masks - DEBUG - Входные данные: '9447344650495960'
2026-07-06 14:10:12 - masks - INFO - Номер карты успешно замаскирован: 9447 34 ** **** 5960
2026-07-06 14:10:12 - masks - INFO - Начало работы get_mask_card_number
2026-07-06 14:10:12 - masks - DEBUG - Входные данные: '5355133159258236'
2026-07-06 14:10:12 - masks - INFO - Номер карты успешно замаскирован: 5355 13 ** **** 8236
2026-07-06 14:10:12 - masks - INFO - Начало работы get_mask_card_number
2026-07-06 14:10:12 - masks - DEBUG - Входные данные: '8045769817179061'
2026-07-06 14:10:12 - masks - INFO - Номер карты успешно замаскирован: 8045 76 ** **** 9061
2026-07-06 14:10:12 - masks - INFO - Начало работы get_mask_account
2026-07-06 14:10:12 - masks - DEBUG - Входные данные: '75743795418434298755'
2026-07-06 14:10:12 - masks - INFO - Номер счета успешно замаскирован: **8755
2026-07-06 14:10:12 - masks - INFO - Начало работы get_mask_account
2026-07-06 14:10:12 - masks - DEBUG - Входные данные: '80785963509390811744'
2026-07-06 14:10:12 - masks - INFO - Номер счета успешно замаскирован: **1744
2026-07-06 14:10:12 - masks - INFO - Начало работы get_mask_card_number
2026-07-06 14:10:12 - masks - DEBUG - Входные данные: '1435442169918409'
2026-07-06 14:10:12 - masks - INFO - Номер карты успешно замаскирован: 1435 44 ** **** 8409
2026-07-06 14:10:12 - masks - INFO - Начало работы get_mask_card_number
2026-07-06 14:10:12 - masks - DEBUG - Входные данные: '7452400219469235'
2026-07-06 14:10:12 - masks - INFO - Номер карты успешно замаскирован: 7452 40 ** **** 9235
2026-07-06 14:10:12 - masks - INFO - Начало работы get_mask_card_number
2026-07-06 14:10:12 - masks - DEBUG - Входные данные: '2256483756542539'
2026-07-06 14:10:12 - masks - INFO - Номер карты успешно замаскирован: 2256 48 ** **** 2539
2026-07-06 14:10:12 - masks - INFO - Начало работы get_mask_account
2026-07-06 14:10:12 - masks - DEBUG - Входные данные: '78808375133947439319'
2026-07-06 14:10:12 - masks - INFO - Номер счета успешно замаскирован: **9319
2026-07-06 14:10:12 - masks - INFO - Начало работы get_mask_account
2026-07-06 14:10:12 - masks - DEBUG - Входные данные: '23177857685058835559'
2026-07-06 14:10:12 - masks - INFO - Номер счета успешно замаскирован: **5559
2026-07-06 14:10:12 - masks - INFO - Начало работы get_mask_account
2026-07-06 14:10:12 - masks - DEBUG - Входные данные: '56363465303962313778'
2026-07-06 14:10:12 - masks - INFO - Номер счета успешно замаскирован: **3778
2026-07-06 14:10:12 - masks - INFO - Начало работы get_mask_card_number
2026-07-06 14:10:12 - masks - DEBUG - Входные данные: '4040551273087672'
2026-07-06 14:10:12 - masks - INFO - Номер карты успешно замаскирован: 4040 55 ** **** 7672
2026-07-06 14:10:12 - masks - INFO - Начало работы get_mask_card_number
2026-07-06 14:10:12 - masks - DEBUG - Входные данные: '7825450883088021'
2026-07-06 14:10:12 - masks - INFO - Номер карты успешно замаскирован: 7825 45 ** **** 8021
2026-07-06 14:10:12 - masks - INFO - Начало работы get_mask_card_number
2026-07-06 14:10:12 - masks - DEBUG - Входные данные: '6831982476737658'
2026-07-06 14:10:12 - masks - INFO - Номер карты успешно замаскирован: 6831 98 ** **** 7658
2026-07-06 14:10:12 - masks - INFO - Начало работы get_mask_card_number
2026-07-06 14:10:12 - masks - DEBUG - Входные данные: '8990922113665229'
2026-07-06 14:10:12 - masks - INFO - Номер карты успешно замаскирован: 8990 92 ** **** 5229
2026-07-06 14:10:12 - masks - INFO - Начало работы get_mask_account
2026-07-06 14:10:12 - masks - DEBUG - Входные данные: '18125798580985711166'
2026-07-06 14:10:12 - masks - INFO - Номер счета успешно замаскирован: **1166
2026-07-06 14:10:12 - masks - INFO - Начало работы get_mask_account
2026-07-06 14:10:12 - masks - DEBUG - Входные данные: '98841213648056852372'
2026-07-06 14:10:12 - masks - INFO - Номер счета успешно замаскирован: **2372
2026-07-06 14:10:12 - masks - INFO - Начало работы get_mask_account
2026-07-06 14:10:12 - masks - DEBUG - Входные данные: '12189246980267075758'
2026-07-06 14:10:12 - masks - INFO - Номер счета успешно замаскирован: **5758
2026-07-06 14:10:12 - masks - INFO - Начало работы get_mask_card_number
2026-07-06 14:10:12 - masks - DEBUG - Входные данные: '8532498887072395'
2026-07-06 14:10:12 - masks - INFO - Номер карты успешно замаскирован: 8532 49 ** **** 2395
2026-07-06 14:10:12 - masks - INFO - Начало работы get_mask_account
2026-07-06 14:10:12 - masks - DEBUG - Входные данные: '44238164562083919420'
2026-07-06 14:10:12 - masks - INFO - Номер счета успешно замаскирован: **9420
2026-07-06 14:10:12 - masks - INFO - Начало работы get_mask_account
2026-07-06 14:10:12 - masks - DEBUG - Входные данные: '19628854383215954147'
2026-07-06 14:10:12 - masks - INFO - Номер счета успешно замаскирован: **4147
2026-07-06 14:10:12 - masks - INFO - Начало работы get_mask_account
2026-07-06 14:10:12 - masks - DEBUG - Входные данные: '90887717138446397473'
2026-07-06 14:10:12 - masks - INFO - Номер счета успешно замаскирован: **7473
2026-07-06 14:10:12 - masks - INFO - Начало работы get_mask_account
2026-07-06 14:10:12 - masks - DEBUG - Входные данные: '72082042523231456215'
2026-07-06 14:10:12 - masks - INFO - Номер счета успешно замаскирован: **6215
2026-07-06 14:10:12 - masks - INFO - Начало работы get_mask_card_number
2026-07-06 14:10:12 - masks - DEBUG - Входные данные: '4062745111784804'
2026-07-06 14:10:12 - masks - INFO - Номер карты успешно замаскирован: 4062 74 ** **** 4804
2026-07-06 14:10:12 - masks - INFO - Начало работы get_mask_card_number
2026-07-06 14:10:12 - masks - DEBUG - Входные данные: '8602249654751155'
2026-07-06 14:10:12 - masks - INFO - Номер карты успешно замаскирован: 8602 24 ** **** 1155
2026-07-06 14:10:12 - masks - INFO - Начало работы get_mask_account
2026-07-06 14:10:12 - masks - DEBUG - Входные данные: '75106830613657916952'
2026-07-06 14:10:12 - masks - INFO - Номер счета успешно замаскирован: **6952
2026-07-06 14:10:12 - masks - INFO - Начало работы get_mask_account
2026-07-06 14:10:12 - masks - DEBUG - Входные данные: '11776614605963066702'
2026-07-06 14:10:12 - masks - INFO - Номер счета успешно замаскирован: **6702
2026-07-06 14:10:12 - masks - INFO - Начало работы get_mask_card_number
2026-07-06 14:10:12 - masks - DEBUG - Входные данные: '3766446452238784'
2026-07-06 14:10:12 - masks - INFO - Номер карты успешно замаскирован: 3766 44 ** **** 8784
2026-07-06 14:10:12 - masks - INFO - Начало работы get_mask_account
2026-07-06 14:10:12 - masks - DEBUG - Входные данные: '86655182730188443980'
2026-07-06 14:10:12 - masks - INFO - Номер счета успешно замаскирован: **3980
2026-07-06 14:10:12 - masks - INFO - Начало работы get_mask_card_number
2026-07-06 14:10:12 - masks - DEBUG - Входные данные: '4195191172583802'
2026-07-06 14:10:12 - masks - INFO - Номер карты успешно замаскирован: 4195 19 ** **** 3802
2026-07-06 14:10:12 - masks - INFO - Начало работы get_mask_account
2026-07-06 14:10:12 - masks - DEBUG - Входные данные: '17066032701791012883'
2026-07-06 14:10:12 - masks - INFO - Номер счета успешно замаскирован: **2883
2026-07-06 14:10:12 - masks - INFO - Начало работы get_mask_account
2026-07-06 14:10:12 - masks - DEBUG - Входные данные: '54883981902864782073'
2026-07-06 14:10:12 - masks - INFO - Номер счета успешно замаскирован: **2073
2026-07-06 14:10:12 - masks - INFO - Начало работы get_mask_account
2026-07-06 14:10:12 - masks - DEBUG - Входные данные: '61834060137088759145'
2026-07-06 14:10:12 - masks - INFO - Номер счета успешно замаскирован: **9145
2026-07-06 14:10:12 - masks - INFO - Начало работы get_mask_card_number
2026-07-06 14:10:12 - masks - DEBUG - Входные данные: '9454780748494532'
2026-07-06 14:10:12 - masks - INFO - Номер карты успешно замаскирован: 9454 78 ** **** 4532
2026-07-06 14:10:12 - masks - INFO - Начало работы get_mask_account
2026-07-06 14:10:12 - masks - DEBUG - Входные данные: '51958934737718181351'
2026-07-06 14:10:12 - masks - INFO - Номер счета успешно замаскирован: **1351
2026-07-06 14:10:12 - masks - INFO - Начало работы get_mask_card_number
2026-07-06 14:10:12 - masks - DEBUG - Входные данные: '3595832182277400'
2026-07-06 14:10:12 - masks - INFO - Номер карты успешно замаскирован: 3595 83 ** **** 7400
2026-07-06 14:10:12 - masks - INFO - Начало работы get_mask_account
2026-07-06 14:10:12 - masks - DEBUG - Входные данные: '79697233246085035210'
2026-07-06 14:10:12 - masks - INFO - Номер счета успешно замаскирован: **5210
2026-07-06 14:10:12 - masks - INFO - Начало работы get_mask_card_number
2026-07-06 14:10:12 - masks - DEBUG - Входные данные: '3530191547567121'
2026-07-06 14:10:12 - masks - INFO - Номер карты успешно замаскирован: 3530 19 ** **** 7121
2026-07-06 14:10:12 - masks - INFO - Начало работы get_mask_account
2026-07-06 14:10:12 - masks - DEBUG - Входные данные: '46878338893256147528'
2026-07-06 14:10:12 - masks - INFO - Номер счета успешно замаскирован: **7528
2026-07-06 14:10:12 - masks - INFO - Начало работы get_mask_card_number
2026-07-06 14:10:12 - masks - DEBUG - Входные данные: '1813166339376336'
2026-07-06 14:10:12 - masks - INFO - Номер карты успешно замаскирован: 1813 16 ** **** 6336
2026-07-06 14:10:12 - masks - INFO - Начало работы get_mask_account
2026-07-06 14:10:12 - masks - DEBUG - Входные данные: '97848259954268659635'
2026-07-06 14:10:12 - masks - INFO - Номер счета успешно замаскирован: **9635
2026-07-06 14:10:12 - masks - INFO - Начало работы get_mask_account
2026-07-06 14:10:12 - masks - DEBUG - Входные данные: '27248529432547658655'
2026-07-06 14:10:12 - masks - INFO - Номер счета успешно замаскирован: **8655
2026-07-06 14:10:12 - masks - INFO - Начало работы get_mask_account
2026-07-06 14:10:12 - masks - DEBUG - Входные данные: '97584898735659638967'
2026-07-06 14:10:12 - masks - INFO - Номер счета успешно замаскирован: **8967
2026-07-06 14:10:12 - masks - INFO - Начало работы get_mask_card_number
2026-07-06 14:10:12 - masks - DEBUG - Входные данные: '5999414228426353'
2026-07-06 14:10:12 - masks - INFO - Номер карты успешно замаскирован: 5999 41 ** **** 6353
2026-07-06 14:10:12 - masks - INFO - Начало работы get_mask_account
2026-07-06 14:10:12 - masks - DEBUG - Входные данные: '72731966109147704472'
2026-07-06 14:10:12 - masks - INFO - Номер счета успешно замаскирован: **4472
2026-07-06 14:10:12 - masks - INFO - Начало работы get_mask_account
2026-07-06 14:10:12 - masks - DEBUG - Входные данные: '41421565395219882431'
2026-07-06 14:10:12 - masks - INFO - Номер счета успешно замаскирован: **2431
2026-07-06 14:10:12 - masks - INFO - Начало работы get_mask_account
2026-07-06 14:10:12 - masks - DEBUG - Входные данные: '26406253703545413262'
2026-07-06 14:10:12 - masks - INFO - Номер счета успешно замаскирован: **3262
2026-07-06 14:10:12 - masks - INFO - Начало работы get_mask_account
2026-07-06 14:10:12 - masks - DEBUG - Входные данные: '20735820461482021315'
2026-07-06 14:10:12 - masks - INFO - Номер счета успешно замаскирован: **1315
2026-07-06 14:10:12 - masks - INFO - Начало работы get_mask_card_number
2026-07-06 14:10:12 - masks - DEBUG - Входные данные: '7022985698476865'
2026-07-06 14:10:12 - masks - INFO - Номер карты успешно замаскирован: 7022 98 ** **** 6865
2026-07-06 14:10:12 - masks - INFO - Начало работы get_mask_account
2026-07-06 14:10:12 - masks - DEBUG - Входные данные: '60979028617970883410'
2026-07-06 14:10:12 - masks - INFO - Номер счета успешно замаскирован: **3410
2026-07-06 14:10:12 - masks - INFO - Начало работы get_mask_account
2026-07-06 14:10:12 - masks - DEBUG - Входные данные: '96008924215040031147'
2026-07-06 14:10:12 - masks - INFO - Номер счета успешно замаскирован: **1147
2026-07-06 14:10:12 - masks - INFO - Начало работы get_mask_account
2026-07-06 14:10:12 - masks - DEBUG - Входные данные: '30377212495530283001'
2026-07-06 14:10:12 - masks - INFO - Номер счета успешно замаскирован: **3001
2026-07-06 14:10:12 - masks - INFO - Начало работы get_mask_card_number
2026-07-06 14:10:12 - masks - DEBUG - Входные данные: '4956649687637418'
2026-07-06 14:10:12 - masks - INFO - Номер карты успешно замаскирован: 4956 64 ** **** 7418
2026-07-06 14:10:12 - masks - INFO - Начало работы get_mask_account
2026-07-06 14:10:12 - masks - DEBUG - Входные данные: '90562872508279542248'
2026-07-06 14:10:12 - masks - INFO - Номер счета успешно замаскирован: **2248
2026-07-06 14:10:12 - masks - INFO - Начало работы get_mask_card_number
2026-07-06 14:10:12 - masks - DEBUG - Входные данные: '9175985085449563'
2026-07-06 14:10:12 - masks - INFO - Номер карты успешно замаскирован: 9175 98 ** **** 9563
2026-07-06 14:10:12 - masks - INFO - Начало работы get_mask_account
2026-07-06 14:10:12 - masks - DEBUG - Входные данные: '82781399328834147668'
2026-07-06 14:10:12 - masks - INFO - Номер счета успешно замаскирован: **7668
2026-07-06 14:10:12 - masks - INFO - Начало работы get_mask_card_number
2026-07-06 14:10:12 - masks - DEBUG - Входные данные: '4047671689373225'
2026-07-06 14:10:12 - masks - INFO - Номер карты успешно замаскирован: 4047 67 ** **** 3225
2026-07-06 14:10:12 - masks - INFO - Начало работы get_mask_card_number
2026-07-06 14:10:12 - masks - DEBUG - Входные данные: '3806652527413662'
2026-07-06 14:10:12 - masks - INFO - Номер карты успешно замаскирован: 3806 65 ** **** 3662
2026-07-06 14:10:12 - masks - INFO - Начало работы get_mask_account
2026-07-06 14:10:12 - masks - DEBUG - Входные данные: '37653295304860108767'
2026-07-06 14:10:12 - masks - INFO - Номер счета успешно замаскирован: **8767
2026-07-06 14:10:12 - masks - INFO - Начало работы get_mask_card_number
2026-07-06 14:10:12 - masks - DEBUG - Входные данные: '4598300720424501'
2026-07-06 14:10:12 - masks - INFO - Номер карты успешно замаскирован: 4598 30 ** **** 4501
2026-07-06 14:10:12 - masks - INFO - Начало работы get_mask_account
2026-07-06 14:10:12 - masks - DEBUG - Входные данные: '43597928997568165086'
2026-07-06 14:10:12 - masks - INFO - Номер счета успешно замаскирован: **5086
2026-07-06 14:10:12 - masks - INFO - Начало работы get_mask_card_number
2026-07-06 14:10:12 - masks - DEBUG - Входные данные: '3414396880443483'
2026-07-06 14:10:12 - masks - INFO - Номер карты успешно замаскирован: 3414 39 ** **** 3483
2026-07-06 14:10:12 - masks - INFO - Начало работы get_mask_card_number
2026-07-06 14:10:12 - masks - DEBUG - Входные данные: '2684274847577419'
2026-07-06 14:10:12 - masks - INFO - Номер карты успешно замаскирован: 2684 27 ** **** 7419
2026-07-06 14:10:12 - masks - INFO - Начало работы get_mask_account
2026-07-06 14:10:12 - masks - DEBUG - Входные данные: '33407225454123927865'
2026-07-06 14:10:12 - masks - INFO - Номер счета успешно замаскирован: **7865
2026-07-06 14:10:12 - masks - INFO - Начало работы get_mask_account
2026-07-06 14:10:12 - masks - DEBUG - Входные данные: '79619011266276091215'
2026-07-06 14:10:12 - masks - INFO - Номер счета успешно замаскирован: **1215
2026-07-06 14:10:12 - masks - INFO - Начало работы get_mask_card_number
2026-07-06 14:10:12 - masks - DEBUG - Входные данные: '8906171742833215'
2026-07-06 14:10:12 - masks - INFO - Номер карты успешно замаскирован: 8906 17 ** **** 3215
2026-07-06 14:10:12 - masks - INFO - Начало работы get_mask_card_number
2026-07-06 14:10:12 - masks - DEBUG - Входные данные: '6086997013848217'
2026-07-06 14:10:12 - masks - INFO - Номер карты успешно замаскирован: 6086 99 ** **** 8217
